******************************************************************************
                  TI ARM Linker Unix v18.1.4                   
******************************************************************************
>> Linked Thu Dec 13 19:03:31 2018

OUTPUT FILE NAME:   <ECEN_160_FINAL_PROJECT.out>
ENTRY POINT SYMBOL: "_c_int00_noargs"  address: 000009c5


MEMORY CONFIGURATION

         name            origin    length      used     unused   attr    fill
----------------------  --------  ---------  --------  --------  ----  --------
  MAIN                  00000000   00040000  000024ea  0003db16  R  X
  INFO                  00200000   00004000  00000000  00004000  R  X
  SRAM_CODE             01000000   00010000  0000d4fc  00002b04  RW X
  SRAM_DATA             20000000   00010000  0000d4fc  00002b04  RW  


SEGMENT ALLOCATION MAP

run origin  load origin   length   init length attrs members
----------  ----------- ---------- ----------- ----- -------
00000000    00000000    000024ec   000024ec    r-x
  00000000    00000000    000000e4   000000e4    r-- .intvecs
  000000e4    000000e4    00000942   00000942    r-x .text
  00000a28    00000a28    00001ac4   00001ac4    r-- .cinit
20000000    20000000    0000d2fc   00000000    rw-
  20000000    20000000    0000d2fc   00000000    rw- .data
2000fe00    2000fe00    00000200   00000000    rw-
  2000fe00    2000fe00    00000200   00000000    rw- .stack


SECTION ALLOCATION MAP

 output                                  attributes/
section   page    origin      length       input sections
--------  ----  ----------  ----------   ----------------
.intvecs   0    00000000    000000e4     
                  00000000    000000e4     startup_msp432p401r_ccs.obj (.intvecs:retain)

.text      0    000000e4    00000942     
                  000000e4    00000378     system_msp432p401r.obj (.text)
                  0000045c    000002ec     main.obj (.text)
                  00000748    00000134     pixel_addressing.obj (.text)
                  0000087c    0000009c     rtsv7M4_T_le_v4SPD16_eabi.lib : memcpy_t2.asm.obj (.text)
                  00000918    00000068                                   : copy_decompress_lzss.c.obj (.text:decompress:lzss:__TI_decompress_lzss)
                  00000980    00000044                                   : autoinit.c.obj (.text:__TI_auto_init_nobinit_nopinit:__TI_auto_init_nobinit_nopinit)
                  000009c4    00000038                                   : boot_cortex_m.c.obj (.text:_c_int00_noargs:_c_int00_noargs)
                  000009fc    0000000e                                   : copy_decompress_none.c.obj (.text:decompress:none:__TI_decompress_none)
                  00000a0a    0000000e     startup_msp432p401r_ccs.obj (.text)
                  00000a18    00000006     pixel_addressing.obj (.text:SysCtlDelay)
                  00000a1e    00000004     rtsv7M4_T_le_v4SPD16_eabi.lib : pre_init.c.obj (.text:_system_pre_init)
                  00000a22    00000004                                   : exit.c.obj (.text:abort:abort)

.cinit     0    00000a28    00001ac4     
                  00000a28    00001ab2     (.cinit..data.load) [load image, compression = lzss]
                  000024da    00000002     --HOLE-- [fill = 0]
                  000024dc    00000008     (__TI_handler_table)
                  000024e4    00000008     (__TI_cinit_table)

.init_array 
*          0    00000000    00000000     UNINITIALIZED

.binit     0    00000000    00000000     

.data      0    20000000    0000d2fc     UNINITIALIZED
                  20000000    00002328     main.obj (.data:crimbus)
                  20002328    00002328     main.obj (.data:mario)
                  20004650    00002328     main.obj (.data:pika1)
                  20006978    00002328     main.obj (.data:pika2)
                  20008ca0    00002328     main.obj (.data:pika3)
                  2000afc8    00002328     main.obj (.data:pika4)
                  2000d2f0    00000008     main.obj (.data)
                  2000d2f8    00000004     system_msp432p401r.obj (.data)

.stack     0    2000fe00    00000200     UNINITIALIZED
                  2000fe00    00000004     rtsv7M4_T_le_v4SPD16_eabi.lib : boot_cortex_m.c.obj (.stack)
                  2000fe04    000001fc     --HOLE--

MODULE SUMMARY

       Module                        code   ro data   rw data
       ------                        ----   -------   -------
    ./
       main.obj                      748    0         108016 
       system_msp432p401r.obj        888    0         8      
       pixel_addressing.obj          314    0         0      
       startup_msp432p401r_ccs.obj   14     228       0      
    +--+-----------------------------+------+---------+---------+
       Total:                        1964   228       108024 
                                                             
    /Applications/ti/ccsv8/tools/compiler/ti-cgt-arm_18.1.4.LTS/lib/rtsv7M4_T_le_v4SPD16_eabi.lib
       memcpy_t2.asm.obj             156    0         0      
       copy_decompress_lzss.c.obj    104    0         0      
       autoinit.c.obj                68     0         0      
       boot_cortex_m.c.obj           56     0         0      
       copy_decompress_none.c.obj    14     0         0      
       exit.c.obj                    4      0         0      
       pre_init.c.obj                4      0         0      
    +--+-----------------------------+------+---------+---------+
       Total:                        406    0         0      
                                                             
       Stack:                        0      0         1024   
       Linker Generated:             0      6850      0      
    +--+-----------------------------+------+---------+---------+
       Grand Total:                  2370   7078      109048 


LINKER GENERATED COPY TABLES

__TI_cinit_table @ 000024e4 records: 1, size/record: 8, table size: 8
	.data: load addr=00000a28, load size=00001ab2 bytes, run addr=20000000, run size=0000d2fc bytes, compression=lzss


LINKER GENERATED HANDLER TABLE

__TI_handler_table @ 000024dc records: 2, size/record: 4, table size: 8
	index: 0, handler: __TI_decompress_lzss
	index: 1, handler: __TI_decompress_none


GLOBAL SYMBOLS: SORTED ALPHABETICALLY BY Name 

address   name                          
-------   ----                          
00000a17  ADC14_IRQHandler              
00000a17  AES256_IRQHandler             
00000a17  BusFault_Handler              
00000a23  C$$EXIT                       
00000a17  COMP_E0_IRQHandler            
00000a17  COMP_E1_IRQHandler            
00000a17  CS_IRQHandler                 
00000a17  DMA_ERR_IRQHandler            
00000a17  DMA_INT0_IRQHandler           
00000a17  DMA_INT1_IRQHandler           
00000a17  DMA_INT2_IRQHandler           
00000a17  DMA_INT3_IRQHandler           
00000a17  DebugMon_Handler              
00000a17  Default_Handler               
00000a17  EUSCIA0_IRQHandler            
00000a17  EUSCIA1_IRQHandler            
00000a17  EUSCIA2_IRQHandler            
00000a17  EUSCIA3_IRQHandler            
00000a17  EUSCIB0_IRQHandler            
00000a17  EUSCIB1_IRQHandler            
00000a17  EUSCIB2_IRQHandler            
00000a17  EUSCIB3_IRQHandler            
00000a17  FLCTL_IRQHandler              
00000a17  FPU_IRQHandler                
00000a17  HardFault_Handler             
00000a17  MemManage_Handler             
00000a17  NMI_Handler                   
00000a17  PCM_IRQHandler                
00000a17  PORT1_IRQHandler              
00000a17  PORT2_IRQHandler              
000006bd  PORT3_IRQHandler              
000006bd  PORT3_IRQHandler              
00000a17  PORT4_IRQHandler              
00000a17  PORT5_IRQHandler              
00000a17  PORT6_IRQHandler              
00000a17  PSS_IRQHandler                
00000a17  PendSV_Handler                
00000a17  RTC_C_IRQHandler              
00000a0b  Reset_Handler                 
00000a17  SVC_Handler                   
00000a19  SysCtlDelay                   
00000a17  SysTick_Handler               
2000d2f8  SystemCoreClock               
000000e5  SystemCoreClockUpdate         
0000035d  SystemInit                    
00000a17  T32_INT1_IRQHandler           
00000a17  T32_INT2_IRQHandler           
00000a17  T32_INTC_IRQHandler           
00000a17  TA0_0_IRQHandler              
00000a17  TA0_N_IRQHandler              
00000a17  TA1_0_IRQHandler              
00000a17  TA1_N_IRQHandler              
00000a17  TA2_0_IRQHandler              
00000a17  TA2_N_IRQHandler              
00000a17  TA3_0_IRQHandler              
00000a17  TA3_N_IRQHandler              
00000a17  UsageFault_Handler            
4000480c  WDTCTL_SYM                    
00000a17  WDT_A_IRQHandler              
20010000  __STACK_END                   
00000200  __STACK_SIZE                  
000024e4  __TI_CINIT_Base               
000024ec  __TI_CINIT_Limit              
000024dc  __TI_Handler_Table_Base       
000024e4  __TI_Handler_Table_Limit      
00000981  __TI_auto_init_nobinit_nopinit
00000919  __TI_decompress_lzss          
000009fd  __TI_decompress_none          
ffffffff  __TI_pprof_out_hndl           
ffffffff  __TI_prof_data_size           
ffffffff  __TI_prof_data_start          
00000000  __TI_static_base__            
0000087d  __aeabi_memcpy                
0000087d  __aeabi_memcpy4               
0000087d  __aeabi_memcpy8               
ffffffff  __binit__                     
ffffffff  __c_args__                    
UNDEFED   __mpu_init                    
2000fe00  __stack                       
000009c5  _c_int00_noargs               
UNDEFED   _system_post_cinit            
00000a1f  _system_pre_init              
00000a23  abort                         
ffffffff  binit                         
20000000  crimbus                       
2000d2f4  flaggy                        
000007db  initWS2812                    
00000000  interruptVectors              
0000045d  main                          
20002328  mario                         
0000087d  memcpy                        
2000d2f0  period                        
20004650  pika1                         
20006978  pika2                         
20008ca0  pika3                         
2000afc8  pika4                         
00000749  sendByte                      
000007f9  sendFifty                     
000007a1  sendPixel                     


GLOBAL SYMBOLS: SORTED BY Symbol Address 

address   name                          
-------   ----                          
00000000  __TI_static_base__            
00000000  interruptVectors              
000000e5  SystemCoreClockUpdate         
00000200  __STACK_SIZE                  
0000035d  SystemInit                    
0000045d  main                          
000006bd  PORT3_IRQHandler              
000006bd  PORT3_IRQHandler              
00000749  sendByte                      
000007a1  sendPixel                     
000007db  initWS2812                    
000007f9  sendFifty                     
0000087d  __aeabi_memcpy                
0000087d  __aeabi_memcpy4               
0000087d  __aeabi_memcpy8               
0000087d  memcpy                        
00000919  __TI_decompress_lzss          
00000981  __TI_auto_init_nobinit_nopinit
000009c5  _c_int00_noargs               
000009fd  __TI_decompress_none          
00000a0b  Reset_Handler                 
00000a17  ADC14_IRQHandler              
00000a17  AES256_IRQHandler             
00000a17  BusFault_Handler              
00000a17  COMP_E0_IRQHandler            
00000a17  COMP_E1_IRQHandler            
00000a17  CS_IRQHandler                 
00000a17  DMA_ERR_IRQHandler            
00000a17  DMA_INT0_IRQHandler           
00000a17  DMA_INT1_IRQHandler           
00000a17  DMA_INT2_IRQHandler           
00000a17  DMA_INT3_IRQHandler           
00000a17  DebugMon_Handler              
00000a17  Default_Handler               
00000a17  EUSCIA0_IRQHandler            
00000a17  EUSCIA1_IRQHandler            
00000a17  EUSCIA2_IRQHandler            
00000a17  EUSCIA3_IRQHandler            
00000a17  EUSCIB0_IRQHandler            
00000a17  EUSCIB1_IRQHandler            
00000a17  EUSCIB2_IRQHandler            
00000a17  EUSCIB3_IRQHandler            
00000a17  FLCTL_IRQHandler              
00000a17  FPU_IRQHandler                
00000a17  HardFault_Handler             
00000a17  MemManage_Handler             
00000a17  NMI_Handler                   
00000a17  PCM_IRQHandler                
00000a17  PORT1_IRQHandler              
00000a17  PORT2_IRQHandler              
00000a17  PORT4_IRQHandler              
00000a17  PORT5_IRQHandler              
00000a17  PORT6_IRQHandler              
00000a17  PSS_IRQHandler                
00000a17  PendSV_Handler                
00000a17  RTC_C_IRQHandler              
00000a17  SVC_Handler                   
00000a17  SysTick_Handler               
00000a17  T32_INT1_IRQHandler           
00000a17  T32_INT2_IRQHandler           
00000a17  T32_INTC_IRQHandler           
00000a17  TA0_0_IRQHandler              
00000a17  TA0_N_IRQHandler              
00000a17  TA1_0_IRQHandler              
00000a17  TA1_N_IRQHandler              
00000a17  TA2_0_IRQHandler              
00000a17  TA2_N_IRQHandler              
00000a17  TA3_0_IRQHandler              
00000a17  TA3_N_IRQHandler              
00000a17  UsageFault_Handler            
00000a17  WDT_A_IRQHandler              
00000a19  SysCtlDelay                   
00000a1f  _system_pre_init              
00000a23  C$$EXIT                       
00000a23  abort                         
000024dc  __TI_Handler_Table_Base       
000024e4  __TI_CINIT_Base               
000024e4  __TI_Handler_Table_Limit      
000024ec  __TI_CINIT_Limit              
20000000  crimbus                       
20002328  mario                         
20004650  pika1                         
20006978  pika2                         
20008ca0  pika3                         
2000afc8  pika4                         
2000d2f0  period                        
2000d2f4  flaggy                        
2000d2f8  SystemCoreClock               
2000fe00  __stack                       
20010000  __STACK_END                   
4000480c  WDTCTL_SYM                    
ffffffff  __TI_pprof_out_hndl           
ffffffff  __TI_prof_data_size           
ffffffff  __TI_prof_data_start          
ffffffff  __binit__                     
ffffffff  __c_args__                    
ffffffff  binit                         
UNDEFED   __mpu_init                    
UNDEFED   _system_post_cinit            

[99 symbols]
